========================================
Timestamp : 2026-04-08T11:13:36Z
PDF       : 
Compliance: full
----------------------------------------

[BLACK-MARKER] Initiating async redaction: 
[BLACK-MARKER] Mode      : AUTONOMOUS (Blackout)
[BLACK-MARKER] Compliance: Full (All Frameworks)
==================================================
[1/4] Extracting text & hunting for PII concurrently...
      ✓ Loaded PDF with 0 pages
      ✓ 0 sensitive string(s) identified:

[BLACK-MARKER] No sensitive data detected.
Exit code : 0
Output    : /home/harsh/Desktop/gitagent/output/_REDACTED.pdf
========================================

========================================
Timestamp : 2026-04-08T11:13:36Z
PDF       : 
Compliance: full
----------------------------------------

[BLACK-MARKER] Initiating async redaction: 
[BLACK-MARKER] Mode      : AUTONOMOUS (Blackout)
[BLACK-MARKER] Compliance: Full (All Frameworks)
==================================================
[1/4] Extracting text & hunting for PII concurrently...
      ✓ Loaded PDF with 0 pages
      ✓ 0 sensitive string(s) identified:

[BLACK-MARKER] No sensitive data detected.
Exit code : 0
Output    : /home/harsh/Desktop/gitagent/output/_REDACTED.pdf
========================================

